../Core/Src/main.c:62:5:main	8	static
../Core/Src/main.c:133:6:Check_Button	16	static
../Core/Src/main.c:164:6:Run_Autonomous	24	static
../Core/Src/main.c:199:6:Get_Accel_Data	40	static
../Core/Src/main.c:214:6:Show_ACC	64	static
../Core/Src/main.c:229:6:Show_ACC_RAW	24	static
../Core/Src/main.c:237:6:ADXL_Calibrate	40	static
../Core/Src/main.c:258:6:Check_Motion	24	static
../Core/Src/main.c:278:6:Process_Command	16	static
../Core/Src/main.c:303:6:LED_On	8	static
../Core/Src/main.c:304:6:LED_Off	8	static
../Core/Src/main.c:307:6:ADXL_Write	24	static
../Core/Src/main.c:314:9:ADXL_Read	24	static
../Core/Src/main.c:324:6:UART_Print	16	static
../Core/Src/main.c:329:6:SystemClock_Config	72	static
../Core/Src/main.c:343:13:MX_SPI1_Init	8	static
../Core/Src/main.c:356:13:MX_USART1_UART_Init	8	static
../Core/Src/main.c:366:13:MX_GPIO_Init	32	static
